---
source: crates/adapters/mock-da/src/config.rs
expression: config
---
{
  "connection_string": "sqlite:///tmp/mockda.sqlite?mode=rwc",
  "sender_address": "0f0f0f0f0f0f0f0f0f0f0f0f0f0f0f0f0f0f0f0f0f0f0f0f0f0f0f0f0f0f0f0f",
  "finalization_blocks": 5,
  "block_producing": {
    "periodic": {
      "block_time_ms": 1000
    }
  },
  "randomization": null
}
